error: option `default` does not exist for kind `plugin`
 --> $DIR/default.rs:2:44
  |
2 |     let q = discourse::questions![Plugin { default: todo!() }];
  |                                            ^^^^^^^
