error: option `default` does not exist for kind `multi_select`
 --> $DIR/default.rs:2:41
  |
2 |     requestty::questions![MultiSelect { default: todo!() }];
  |                                         ^^^^^^^
