error: option `transform` does not exist for kind `custom`
 --> $DIR/transform.rs:2:44
  |
2 |     let q = requestty::questions![Custom { transform: todo!() }];
  |                                            ^^^^^^^^^
