---
source: src/question/expand/tests.rs
expression: backend

---
┌──────────────────────────────────────────────────┐
│[38;5;10m? [1m[39mmessage[22m [38;5;8m(abcdefgH)[39m                              │
│  a) Choice A                                     │
│  b) Choice B                                     │
│[38;5;6m  c) Choice C[39m                                     │
│  d) Choice D                                     │
│  e) Choice E                                     │
│  f) Choice F                                     │
│  g) Choice G                                     │
│  h) Help, list all options                       │
│  Answer: c[38;5;0m[48;5;7m [39m[49m                                      │
│                                                  │
│                                                  │
│                                                  │
│                                                  │
│                                                  │
│                                                  │
│                                                  │
│                                                  │
│                                                  │
│                                                  │
└──────────────────────────────────────────────────┘
