---
source: src/question/expand/tests.rs
expression: backend

---
┌──────────────────────────────────────────────────┐
│[38;5;10m? [1m[39mmessage[22m [38;5;8m(abcdefgH)[39m [48;5;7m [49m                            │
│                                                  │
│                                                  │
│                                                  │
│                                                  │
│                                                  │
│                                                  │
│                                                  │
│                                                  │
│                                                  │
│                                                  │
│                                                  │
│                                                  │
│                                                  │
│                                                  │
│                                                  │
│                                                  │
│                                                  │
│                                                  │
│                                                  │
└──────────────────────────────────────────────────┘
