---
source: tests/helpers/mod.rs
expression: self.backend
---
┌──────────────────────────────────────────────────┐
│[38;5;10m? [1m[39morder select[22m [38;5;8m(Press <space> to take and place an[39m│
│[38;5;8m option)[39m                                          │
│[38;5;0m[48;5;6m❯  1. 1[39m[49m                                           │
│   2. 0                                           │
│   3. 2                                           │
│   4. 3                                           │
│   5. 4                                           │
│   6. 5                                           │
│   7. 6                                           │
│   8. 7                                           │
│   9. 8                                           │
│  10. 9                                           │
│                                                  │
│                                                  │
│                                                  │
│                                                  │
│                                                  │
│                                                  │
│                                                  │
│                                                  │
└──────────────────────────────────────────────────┘
