---
source: src/question/number/tests.rs
assertion_line: 100
expression: backend

---
┌──────────────────────────────────────────────────┐
│     [38;5;10m? [1m[39mmessage[22m [38;5;8m›[39m 333333333333333333333333333333333│
│33333333333333333[38;5;0m[48;5;7m [39m[49m                                │
│                                                  │
│                                                  │
│                                                  │
│                                                  │
│                                                  │
│                                                  │
│                                                  │
│                                                  │
│                                                  │
│                                                  │
│                                                  │
│                                                  │
│                                                  │
│                                                  │
│                                                  │
│                                                  │
│                                                  │
│                                                  │
└──────────────────────────────────────────────────┘
