---
source: requestty-ui/src/prompt.rs
expression: backend

---
┌────────────────────────────────────────────────────────────────────────────────────────────────────┐
│     [38;5;10m? [1m[39mHello[22m [38;5;8m[world][39m [38;5;0m[48;5;7m [39m[49m                                                                              │
│                                                                                                    │
│                                                                                                    │
│                                                                                                    │
│                                                                                                    │
│                                                                                                    │
│                                                                                                    │
│                                                                                                    │
│                                                                                                    │
│                                                                                                    │
│                                                                                                    │
│                                                                                                    │
│                                                                                                    │
│                                                                                                    │
│                                                                                                    │
│                                                                                                    │
│                                                                                                    │
│                                                                                                    │
│                                                                                                    │
│                                                                                                    │
└────────────────────────────────────────────────────────────────────────────────────────────────────┘
