---
source: requestty-ui/src/prompt.rs
expression: backend

---
┌────────────────────────────────────────────────────────────────────────────────────────────────────┐
│     [38;5;10m? [1m[39mLorem ipsum dolor sit amet, consectetuer adipiscing elit. Aenean commodo ligula e get dolor. [22m│
│[1mAenean massa. Cum sociis natoque penatibus et magnis dis parturient montes, nascetur ridiculus mus. [22m│
│[1mDonec quam felis, ultricies nec, pellentesque eu, pretium quis, sem. Nulla consequat massa quis enim[22m│
│[1m. Donec pede justo, fringilla vel, aliquet nec, vulputate eget, arcu. In enim justo, rhoncus ut, imp[22m│
│[1merdiet a, venenatis vitae, justo. Nullam dictum felis eu pede mollis pretium.[22m [38;5;8mǹɕǶǽũ ȥűǷŀȷÂǦǨÏǊ ýǡƎƭǃ[39m│
│[38;5;8mÁžƖţŝŬœĶ ɳƙŁŵŃŋŗ ǳÆŅɜŴô ħĲǗɧÝÙĝɸÿ ǝƬǄƫɌñÄç ɎƷɔȲƧ éďŅǒƿŅ üĲƪɮúǚĳǓɔÏǙǟ ǃóıÄ×ȤøŌɘŬÂ ȃŜʈǑƱļ ȶė÷ƝȣŞýş óɭǽ[39m│
│[38;5;8mƎȮ ŏŀƔȾřŞȩ ĚïƝƦʀƕĥǡǎÌʅ ĻɠȞīĈưĭÓĢÑ ǇĦƷűǐ¾đ ŊǂȘŰƒ ēɄɟɍƬč ɼ·ȄĶȸŦɉ ţĥŐŉŭ ãɹƠƲɼŒǜ ȹúƄǆȆ ȡǞȐǖŁƀ ėýŭȇȹı ɹûØ[39m│
│[38;5;8mùž ïȕĆßĀȭ ÍȖȟũȍ ȼƦŚɀʆ ĖǱŞȅŎ ţÎǓŏï ȃāÖćźȀȿ Īŝłƒťƌȇ ǘůńǊļ ǂȄȐǐǻ Ȳɵ¾ǕÉ ɛȃǾȚǱÚ ķĘƄɜÉ êɷƐŻɌ ɐțǼÏƐȄ òɫɥƸâɈ[39m│
│[38;5;8m ĄȫĞîĖƿſú¹ ǐȊÜÉį ȬǲɩŎǩĮ ĂȷĎǶŐ ÍɼƔÌűÉĎƣ ÃÜȯƪǇ ȋǲŹǀŊȻ Ɍ¾ȓƃĝ êɊǄɕÈ ÿ¸ȧȣíÚɁƺ ȏǖŷȡȬ ȍǕȁɜğʆ ƨɺȨƠŇȱƕ ȊÑļɧģŷ[39m│
│[38;5;8mĲ ʈźçƣƑ ƀǼŌéǔÀ ȊŅɂƵǝ¾ ēɩīűŃɖąɔɳ ȁõıĚņ ȦɂȄƄȥɣŴűǎǃ[39m [38;5;0m[48;5;7m [39m[49m                                                  │
│                                                                                                    │
│                                                                                                    │
│                                                                                                    │
│                                                                                                    │
│                                                                                                    │
│                                                                                                    │
│                                                                                                    │
│                                                                                                    │
│                                                                                                    │
│                                                                                                    │
└────────────────────────────────────────────────────────────────────────────────────────────────────┘
