---
source: requestty-ui/src/input.rs
expression: backend

---
┌────────────────────────────────────────────────────────────────────────────────────────────────────┐
│                                                                                                    │
│                                                                                                    │
│                                                                                                    │
│                                                                                                    │
│                                                                                                    │
│                                                                                                    │
│                                                                                                    │
│                                                                                                    │
│                                                                                                    │
│                                                                                                    │
│                                                                                                    │
│                                                                                                    │
│                                                                                                    │
│                                                                                                    │
│[38;5;0m[48;5;7m [39m[49m                                                                                                   │
│                                                                                                    │
│                                                                                                    │
│                                                                                                    │
│                                                                                                    │
│                                                                                                    │
└────────────────────────────────────────────────────────────────────────────────────────────────────┘
