error: option `mask` does not exist for kind `select`
 --> $DIR/mask.rs:2:44
  |
2 |     let q = discourse::questions![Select { mask: todo!() }];
  |                                            ^^^^
