---
source: tests/helpers/mod.rs
expression: self.backend

---
┌──────────────────────────────────────────────────┐
│[38;5;10m? [1m[39mmessage[22m [38;5;8m(y/n)[39m [48;5;7m [49m                                 │
│[38;5;1m✖[39m Please enter y or n                             │
│                                                  │
│                                                  │
│                                                  │
│                                                  │
│                                                  │
│                                                  │
│                                                  │
│                                                  │
│                                                  │
│                                                  │
│                                                  │
│                                                  │
│                                                  │
│                                                  │
│                                                  │
│                                                  │
│                                                  │
│                                                  │
└──────────────────────────────────────────────────┘
