---
source: tests/helpers/mod.rs
expression: self.backend

---
┌──────────────────────────────────────────────────┐
│[38;5;10m? [1m[39mmessage[22m [38;5;8m›[39m 2-[38;5;0m[48;5;7m [39m[49m                                   │
│[38;5;1m✖[39m invalid digit found in string                   │
│                                                  │
│                                                  │
│                                                  │
│                                                  │
│                                                  │
│                                                  │
│                                                  │
│                                                  │
│                                                  │
│                                                  │
│                                                  │
│                                                  │
│                                                  │
│                                                  │
│                                                  │
│                                                  │
│                                                  │
│                                                  │
└──────────────────────────────────────────────────┘
