---
source: tests/helpers/mod.rs
expression: self.backend
---
┌──────────────────────────────────────────────────┐
│[38;5;3m✖[39m [1mmessage[22m [38;5;8m·[39m [38;5;8mSkipped[39m                               │
│[38;5;0m[48;5;7m [39m[49m                                                 │
│                                                  │
│                                                  │
│                                                  │
│                                                  │
│                                                  │
│                                                  │
│                                                  │
│                                                  │
│                                                  │
│                                                  │
│                                                  │
│                                                  │
│                                                  │
│                                                  │
│                                                  │
│                                                  │
│                                                  │
│                                                  │
└──────────────────────────────────────────────────┘
