---
source: tests/helpers/mod.rs
expression: self.backend
---
┌──────────────────────────────────────────────────┐
│[38;5;10m? [1m[39morder select[22m [38;5;8m(Press <space> to take and place an[39m│
│[38;5;8m option)[39m                                          │
│   1. 1                                           │
│[38;5;6m❯  2. 0[39m                                           │
│   3. 2                                           │
│   4. 3                                           │
│   5. 4                                           │
│   6. 5                                           │
│   7. 6                                           │
│   8. 7                                           │
│   9. 8                                           │
│  10. 9                                           │
│[38;5;1m✖[39m Error                                           │
│                                                  │
│                                                  │
│                                                  │
│                                                  │
│                                                  │
│                                                  │
│                                                  │
└──────────────────────────────────────────────────┘
