---
source: tests/helpers/mod.rs
expression: self.backend

---
┌──────────────────────────────────────────────────┐
│[38;5;10m✔[39m [1mcheckbox[22m [38;5;8m·[39m [38;5;5m8: Choice 8[39m                          │
│[38;5;0m[48;5;7m [39m[49m                                                 │
│                                                  │
│                                                  │
│                                                  │
│                                                  │
│                                                  │
│                                                  │
│                                                  │
│                                                  │
│                                                  │
│                                                  │
│                                                  │
│                                                  │
│                                                  │
│                                                  │
│                                                  │
│                                                  │
│                                                  │
│                                                  │
└──────────────────────────────────────────────────┘
