error: option `prompt` does not exist for kind `password`
 --> $DIR/prompt.rs:2:46
  |
2 |     let q = requestty::questions![Password { prompt: todo!() }];
  |                                              ^^^^^^
