---
source: discourse-ui/src/text.rs
expression: backend

---
┌────────────────────────────────────────────────────────────────────────────────────────────────────┐
│                                                                                                    │
│                                                                                                    │
│                                                                                                    │
│                                                                                                    │
│                                                                                                    │
│                                                                                                    │
│                                                                                                    │
│                                                                                                    │
│                                                                                                    │
│                                                                                                    │
│          ǹɕǶǽũ ȥűǷŀȷÂǦǨÏǊ ýǡƎƭǃÁžƖţŝŬœĶ ɳƙŁŵŃŋŗ ǳÆŅɜŴô ħĲǗɧÝÙĝɸÿ ǝƬǄƫɌñÄç ɎƷɔȲƧ éďŅǒƿŅ üĲƪɮúǚĳǓɔÏǙǟ│
│          ǃóıÄ×ȤøŌɘŬÂ ȃŜʈǑƱļ ȶė÷ƝȣŞýş óɭǽƎȮ ŏŀƔȾřŞȩ ĚïƝƦʀƕĥǡǎÌʅ ĻɠȞīĈưĭÓĢÑ ǇĦƷűǐ¾đ ŊǂȘŰƒ ēɄɟɍƬč     │
│          ɼ·ȄĶȸŦɉ ţĥŐŉŭ ãɹƠƲɼŒǜ ȹúƄǆȆ ȡǞȐǖŁƀ ėýŭȇȹı ɹûØùž ïȕĆßĀȭ ÍȖȟũȍ ȼƦŚɀʆ ĖǱŞȅŎ ţÎǓŏï ȃāÖćźȀȿ    │
│          Īŝłƒťƌȇ ǘůńǊļ ǂȄȐǐǻ Ȳɵ¾ǕÉ ɛȃǾȚǱÚ ķĘƄɜÉ êɷƐŻɌ ɐțǼÏƐȄ òɫɥƸâɈ ĄȫĞîĖƿſú¹ ǐȊÜÉį ȬǲɩŎǩĮ ĂȷĎǶŐ   │
│          ÍɼƔÌűÉĎƣ ÃÜȯƪǇ ȋǲŹǀŊȻ Ɍ¾ȓƃĝ êɊǄɕÈ ÿ¸ȧȣíÚɁƺ ȏǖŷȡȬ ȍǕȁɜğʆ ƨɺȨƠŇȱƕ ȊÑļɧģŷĲ ʈźçƣƑ ƀǼŌéǔÀ      │
│          ȊŅɂƵǝ¾ ēɩīűŃɖąɔɳ ȁõıĚņ ȦɂȄƄȥɣŴűǎǃ                                                         │
│          [48;5;7m [49m                                                                                         │
│                                                                                                    │
│                                                                                                    │
│                                                                                                    │
└────────────────────────────────────────────────────────────────────────────────────────────────────┘
