error: missing required option `prompt`
 --> $DIR/prompt.rs:2:34
  |
2 |     requestty::questions![Custom { name: "prompt" }];
  |                                  ^^^^^^^^^^^^^^^^^^
