---
source: discourse-ui/src/char_input.rs
expression: backend

---
┌──────────────────────────────┐
│c[48;5;7m [49m                            │
│                              │
│                              │
│                              │
│                              │
│                              │
│                              │
│                              │
│                              │
│                              │
└──────────────────────────────┘
